8  _ _ _ _
7 _ _ _ _ 
6  _ _ _ _
5 _ _ _ _ 
4  _ _ _ _
3 _ _ _ _ 
2  _ _ _ _
1 _ K _ _ 

  abcdefgh

8  _ _ _ _
7 _ _ _ _ 
6  _ _ _ _
5 _ _ _ _ 
4  _ _ _ _
3 _ k _ _ 
2  _ _ _ _
1 _ K _ _ 

  abcdefgh

8  _ _ _ _
7 _ _ _ _p
6  _ _ _ _
5 _ _ _ _ 
4  _ _ _ _
3 _ k _ _ 
2  _ _ _ _
1 _ K _ _ 

  abcdefgh

8  _ _ _ _
7 _ _ _ _p
6  _ _ _ _
5 _ _ _ _ 
4  _ _ _ _
3 _ k _ _ 
2  _ _ _ _
1 _ K _ _ 

  abcdefgh

Invalid move
Invalid move
Invalid move
Black wins!
Final Score:
White: 0
Black: 1
