8  _ _ _ _
7 _ _ _ _ 
6  _ _ _ _
5 _ _ _ _ 
4  _ _ _ _
3 _ _ _ _ 
2  _ _ _ _
1 _ _ K _ 

  abcdefgh

8  _ _k_ _
7 _ _ _ _ 
6  _ _ _ _
5 _ _ _ _ 
4  _ _ _ _
3 _ _ _ _ 
2  _ _ _ _
1 _ _ K _ 

  abcdefgh

8  _ _k_ _
7 P _ _ _ 
6  _ _ _ _
5 _ _ _ _ 
4  _ _ _ _
3 _ _ _ _ 
2  _ _ _ _
1 _ _ K _ 

  abcdefgh

8  _ _k_ _
7 P _ _ _ 
6 P_ _ _ _
5 _ _ _ _ 
4  _ _ _ _
3 _ _ _ _ 
2  _ _ _ _
1 _ _ K _ 

  abcdefgh

8  N _k_ _
7 P _ _ _ 
6 P_ _ _ _
5 _ _ _ _ 
4  _ _ _ _
3 _ _ _ _ 
2  _ _ _ _
1 _ _ K _ 

  abcdefgh

8  N _k_ _
7 P _ _ _ 
6 P_ _ _ _
5 _ _ _ _ 
4  _ _ _ _
3 _ _ _ _ 
2  _ _ _ _
1 _ _ K _ 

  abcdefgh

Invalid move
Invalid move
8 BN _k_ _
7 _ _ _ _ 
6 P_ _ _ _
5 _ _ _ _ 
4  _ _ _ _
3 _ _ _ _ 
2  _ _ _ _
1 _ _ K _ 

  abcdefgh

Final Score:
White: 0
Black: 0
