8 rnbqkbnr
7 pppppppp
6  _ _ _ _
5 _ _ _ _ 
4  _ _ _ _
3 _ _ _ _ 
2 PPPPPPPP
1 RNBQKBNR

  abcdefgh

8 rnbqkbnr
7 pppppppp
6  _ _ _ _
5 _ _ _ _ 
4  _ _P_ _
3 _ _ _ _ 
2 PPPP PPP
1 RNBQKBNR

  abcdefgh

8 rnbqkbnr
7 ppp pppp
6  _ _ _ _
5 _ _p_ _ 
4  _ _P_ _
3 _ _ _ _ 
2 PPPP PPP
1 RNBQKBNR

  abcdefgh

8 rnbqkbnr
7 ppp pppp
6  _ _ _ _
5 _ _P_ _ 
4  _ _ _ _
3 _ _ _ _ 
2 PPPP PPP
1 RNBQKBNR

  abcdefgh

8 rnbqkbnr
7 pp_ pppp
6  _ _ _ _
5 _ pP_ _ 
4  _ _ _ _
3 _ _ _ _ 
2 PPPP PPP
1 RNBQKBNR

  abcdefgh

8 rnbqkbnr
7 pp_ pppp
6  _P_ _ _
5 _ _ _ _ 
4  _ _ _ _
3 _ _ _ _ 
2 PPPP PPP
1 RNBQKBNR

  abcdefgh

8 rnb_kbnr
7 pp_qpppp
6  _P_ _ _
5 _ _ _ _ 
4  _ _ _ _
3 _ _ _ _ 
2 PPPP PPP
1 RNBQKBNR

  abcdefgh

8 rnb_kbnr
7 pp_Ppppp
6  _ _ _ _
5 _ _ _ _ 
4  _ _ _ _
3 _ _ _ _ 
2 PPPP PPP
1 RNBQKBNR

  abcdefgh

Black is in check.
8 rn _kbnr
7 pp_bpppp
6  _ _ _ _
5 _ _ _ _ 
4  _ _ _ _
3 _ _ _ _ 
2 PPPP PPP
1 RNBQKBNR

  abcdefgh

Final Score:
White: 0
Black: 0
