8  _ _ _ _
7 _ _ _ _ 
6  _ _ _ _
5 _ _ _ _ 
4  _ _ _ _
3 _ _ _ _ 
2  _ _ _ _
1 _ _ K _ 

  abcdefgh

8  _ _k_ _
7 _ _ _ _ 
6  _ _ _ _
5 _ _ _ _ 
4  _ _ _ _
3 _ _ _ _ 
2  _ _ _ _
1 _ _ K _ 

  abcdefgh

8  _ _k_ _
7 _ _ _ _ 
6  _ _ _ _
5 _ _ _ _ 
4  _ _ _ _
3 _ _ _ _ 
2  _ _ _ _
1 _ _ K _R

  abcdefgh

8  _ _k_ _
7 _ _ _ _ 
6  _ _ _ _
5 _ _ _ _ 
4  _ b _ _
3 _ _ _ _ 
2  _ _ _ _
1 _ _ K _R

  abcdefgh

8  _ _k_ _
7 _ _ _ _ 
6  _ _ _ _
5 _ _ _ _ 
4  _ b _ _
3 _ _ _ _ 
2  _ _N_ _
1 _ _ K _R

  abcdefgh

8  _ _k_ _
7 _ _ _ _ 
6  _ _ _ _
5 _ _ _ _ 
4  _ b _ _
3 _ _ _ _ 
2  _ _N_ _
1 _ _ K _R

  abcdefgh

8  _ _k_ _
7 _ _ _ _ 
6  _ _ _ _
5 _ _ _ _ 
4  _ _ _ _
3 _ b _ _ 
2  _ _N_ _
1 _ _ K _R

  abcdefgh

White is in check.
Invalid move
8  _ _k_ _
7 _ _ _ _ 
6  _ _ _ _
5 _ _ _ _ 
4  _ _ _ _
3 _ N _ _ 
2  _ _ _ _
1 _ _ K _R

  abcdefgh

8  _ _ _ _
7 _ _ _k_ 
6  _ _ _ _
5 _ _ _ _ 
4  _ _ _ _
3 _ N _ _ 
2  _ _ _ _
1 _ _ K _R

  abcdefgh

8  _ _ _ _
7 _ _ _k_ 
6  _ _ _ _
5 _ _ _ _ 
4  _ _ _ _
3 _ N _ _ 
2  _ _ _ _
1 _ _ _RK 

  abcdefgh

Black is in check.
White wins!
Final Score:
White: 1
Black: 0
