8 rnbqkbnr
7 pppppppp
6  _ _ _ _
5 _ _ _ _ 
4  _ _ _ _
3 _ _ _ _ 
2 PPPPPPPP
1 RNBQKBNR

  abcdefgh

8 rnbqkbnr
7 pppppppp
6  _ _ _ _
5 _ _ _ _ 
4  _ _P_ _
3 _ _ _ _ 
2 PPPP PPP
1 RNBQKBNR

  abcdefgh

8 rnbqkbnr
7 ppp pppp
6  _ _ _ _
5 _ _p_ _ 
4  _ _P_ _
3 _ _ _ _ 
2 PPPP PPP
1 RNBQKBNR

  abcdefgh

8 rnbqkbnr
7 ppp pppp
6  _ _ _ _
5 _ _P_ _ 
4  _ _ _ _
3 _ _ _ _ 
2 PPPP PPP
1 RNBQKBNR

  abcdefgh

8 rnbqkbnr
7 ppp _ppp
6  _ _p_ _
5 _ _P_ _ 
4  _ _ _ _
3 _ _ _ _ 
2 PPPP PPP
1 RNBQKBNR

  abcdefgh

8 rnbqkbnr
7 ppp _ppp
6  _ _P_ _
5 _ _ _ _ 
4  _ _ _ _
3 _ _ _ _ 
2 PPPP PPP
1 RNBQKBNR

  abcdefgh

8 rnbqk_nr
7 ppp _ppp
6  _ _P_ _
5 _ b _ _ 
4  _ _ _ _
3 _ _ _ _ 
2 PPPP PPP
1 RNBQKBNR

  abcdefgh

8 rnbqk_nr
7 ppp Pppp
6  _ _ _ _
5 _ b _ _ 
4  _ _ _ _
3 _ _ _ _ 
2 PPPP PPP
1 RNBQKBNR

  abcdefgh

8 rnbq _nr
7 ppp kppp
6  _ _ _ _
5 _ b _ _ 
4  _ _ _ _
3 _ _ _ _ 
2 PPPP PPP
1 RNBQKBNR

  abcdefgh

8 rnbq _nr
7 ppp kppp
6  _ _ _ _
5 _ b _ _ 
4  _B_ _ _
3 _ _ _ _ 
2 PPPP PPP
1 RNBQK NR

  abcdefgh

8 rnbqk_nr
7 ppp _ppp
6  _ _ _ _
5 _ b _ _ 
4  _B_ _ _
3 _ _ _ _ 
2 PPPP PPP
1 RNBQK NR

  abcdefgh

8 rnbqk_nr
7 ppp _ppp
6  _ _ _ _
5 _ b _ _ 
4  _ _ _ _
3 _B_ _ _ 
2 PPPP PPP
1 RNBQK NR

  abcdefgh

8 rnbqk_ r
7 ppp _ppp
6  _ _ n _
5 _ b _ _ 
4  _ _ _ _
3 _B_ _ _ 
2 PPPP PPP
1 RNBQK NR

  abcdefgh

8 rnbqk_ r
7 ppp _ppp
6  _ _ n _
5 _ b _ _ 
4  _ _ _ _
3 _B_ _N_ 
2 PPPP PPP
1 RNBQK _R

  abcdefgh

Invalid move
8 rnbqk_ r
7 ppp _ppp
6  _ _ _ _
5 _ b _ _ 
4  _ _n_ _
3 _B_ _N_ 
2 PPPP PPP
1 RNBQK _R

  abcdefgh

8 rnbqk_ r
7 ppp _ppp
6  _ _ _ _
5 _ b _ _ 
4  _ _n_ _
3 _B_ _N_ 
2 PPPP PPP
1 RNBQ_RK 

  abcdefgh

8 rnbqk_ r
7 ppp _ppp
6  _ _ _ _
5 _ b _ _ 
4  _ _ _ _
3 _Bn _N_ 
2 PPPP PPP
1 RNBQ_RK 

  abcdefgh

Invalid move
Invalid move
8 rnbqk_ r
7 ppp _ppp
6  _ _ _ _
5 _ b N _ 
4  _ _ _ _
3 _Bn _ _ 
2 PPPP PPP
1 RNBQ_RK 

  abcdefgh

8 rnbqk_ r
7 ppp _ppp
6  _ _ _ _
5 _ b N _ 
4  _ _ _ _
3 _B_ _ _ 
2 nPPP PPP
1 RNBQ_RK 

  abcdefgh

8 rnbqk_ r
7 ppp _ppp
6  _ _ _N_
5 _ b _ _ 
4  _ _ _ _
3 _B_ _ _ 
2 nPPP PPP
1 RNBQ_RK 

  abcdefgh

Invalid move
Invalid move
8 rnbqk_ r
7 ppp _pp 
6  _ _ _p_
5 _ b _ _ 
4  _ _ _ _
3 _B_ _ _ 
2 nPPP PPP
1 RNBQ_RK 

  abcdefgh

8 rnbqk_ r
7 ppp _pp 
6  _ _ _p_
5 _ b _ _ 
4  _ _ _ P
3 _B_ _ _ 
2 nPPP PP_
1 RNBQ_RK 

  abcdefgh

8 rnbqk_ r
7 ppp _pp 
6  _ _ _ _
5 _ b _ p 
4  _ _ _ P
3 _B_ _ _ 
2 nPPP PP_
1 RNBQ_RK 

  abcdefgh

8 rnbqk_ r
7 ppp _pp 
6  _ _ _ _
5 _ b _ p 
4  _ _ _ P
3 _B_ _ _ 
2 RPPP PP_
1 _NBQ_RK 

  abcdefgh

8 rnbqk_ r
7 ppp _pp 
6  _ _ _ _
5 _ b _ _ 
4  _ _ _pP
3 _B_ _ _ 
2 RPPP PP_
1 _NBQ_RK 

  abcdefgh

8 rnbqk_ r
7 ppp _pp 
6  _ _ _ _
5 R b _ _ 
4  _ _ _pP
3 _B_ _ _ 
2  PPP PP_
1 _NBQ_RK 

  abcdefgh

Invalid move
Invalid move
8 rnbq k r
7 ppp _pp 
6  _ _ _ _
5 R b _ _ 
4  _ _ _pP
3 _B_ _ _ 
2  PPP PP_
1 _NBQ_RK 

  abcdefgh

8 rnbq k r
7 ppp _pp 
6  _ _ _ _
5 _ R _ _ 
4  _ _ _pP
3 _B_ _ _ 
2  PPP PP_
1 _NBQ_RK 

  abcdefgh

8 rnbq k r
7 _pp _pp 
6  _ _ _ _
5 p R _ _ 
4  _ _ _pP
3 _B_ _ _ 
2  PPP PP_
1 _NBQ_RK 

  abcdefgh

8 rnbq k r
7 _pp _pp 
6  _ _ _ _
5 p R _ _ 
4  _ _ PpP
3 _B_ _ _ 
2  PPP _P_
1 _NBQ_RK 

  abcdefgh

Invalid move
8 rnbq k r
7 _pp _pp 
6  _ _ _ _
5 p R _ _ 
4  _ _ _ P
3 _B_ _p_ 
2  PPP _P_
1 _NBQ_RK 

  abcdefgh

8 rnbq k r
7 _pp _pp 
6  _ _ _ _
5 p R _ _ 
4  _ _ _ P
3 _B_ _p_ 
2  PPP KP_
1 _NBQ_R_ 

  abcdefgh

8 rnbq k r
7 _pp _pp 
6  _ _ _ _
5 p R _ _ 
4  _ _ _ P
3 _B_ _ _ 
2  PPP Kp_
1 _NBQ_R_ 

  abcdefgh

8 rnbq k r
7 _pp _pp 
6  _ _ _ _
5 p R _ _ 
4  _ _ _ P
3 _B_ _ _ 
2  PPP _p_
1 _NBQKR_ 

  abcdefgh

Invalid move
Invalid move
Invalid move
8 rnbq k r
7 _pp _pp 
6  _ _ _ _
5 p R _ _ 
4  _ _ _ P
3 _B_ _ _ 
2  PPP _ _
1 _NBQKRr 

  abcdefgh

Final Score:
White: 0
Black: 0
