8  _ _ _ _
7 _ _ _ _ 
6  _ _ _ _
5 _ _ _ _ 
4  _ _ _ _
3 _ _ _ _ 
2  _ _ _ _
1 K _ _ _ 

  abcdefgh

8  _ _ _ _
7 _ _ _ _ 
6  _ _ _ _
5 _ _ _ _ 
4  _ _ _ _
3 _ _ _ _ 
2  _k_ _ _
1 K _ _ _ 

  abcdefgh

8  _ _ _ _
7 _ _ _ _ 
6  _ _ _ _
5 _ _ _q_ 
4  _ _ _ _
3 _ _ _ _ 
2  _k_ _ _
1 K _ _ _ 

  abcdefgh

8  _ _ _ _
7 _ _ _ _ 
6  _ _ _ _
5 _ _ _q_ 
4  _ _ _ _
3 _ _ _ _ 
2  _k_ _ _
1 K _ _ _ 

  abcdefgh

8  _ _ _ _
7 _ _ _ _ 
6  _ _ _ _
5 _ _q_ _ 
4  _ _ _ _
3 _ _ _ _ 
2  _k_ _ _
1 K _ _ _ 

  abcdefgh

Stalemate!
Final Score:
White: 0.5
Black: 0.5
