8  _ _ _ _
7 _ _ _ _ 
6  _ _ _ _
5 _ _ _ _ 
4  _ _ _ _
3 _ _ _ _ 
2  _ _ _ _
1 _ _ K _ 

  abcdefgh

8  _ _k_ _
7 _ _ _ _ 
6  _ _ _ _
5 _ _ _ _ 
4  _ _ _ _
3 _ _ _ _ 
2  _ _ _ _
1 _ _ K _ 

  abcdefgh

8  _ _k_ _
7 _ _ _ _ 
6  _ _ _ _
5 _ _ _ _ 
4  _ _ _ _
3 _ _ _ _ 
2  _ _ _ _
1 R _ K _ 

  abcdefgh

8  _ _k_ _
7 _ P _ _ 
6  _ _ _ _
5 _ _ _ _ 
4  _ _ _ _
3 _ _ _ _ 
2  _ _ _ _
1 R _ K _ 

  abcdefgh

8  _ _k_ _
7 _ P _ _ 
6  _ _ _ _
5 _ _ _ _ 
4  _ _ _ _
3 _ _ _ _p
2  _ _ _ _
1 R _ K _ 

  abcdefgh

8  _ _k_ _
7 _ P _ _ 
6  _ _ _ _
5 _ _ _ _ 
4  _ _ _ _
3 _ _ _ _p
2  _ _ _ _
1 R _ K _ 

  abcdefgh

Invalid move
Invalid move
8  _R_k_ _
7 _ _ _ _ 
6  _ _ _ _
5 _ _ _ _ 
4  _ _ _ _
3 _ _ _ _p
2  _ _ _ _
1 R _ K _ 

  abcdefgh

Black is in check.
8  _R_ _ _
7 _ _ _k_ 
6  _ _ _ _
5 _ _ _ _ 
4  _ _ _ _
3 _ _ _ _p
2  _ _ _ _
1 R _ K _ 

  abcdefgh

8  _ _ _ _
7 _ _ _k_ 
6  _ _ _ _
5 _ _ _ _ 
4  _ _ _ _
3 _ R _ _p
2  _ _ _ _
1 R _ K _ 

  abcdefgh

8  _ _k_ _
7 _ _ _ _ 
6  _ _ _ _
5 _ _ _ _ 
4  _ _ _ _
3 _ R _ _p
2  _ _ _ _
1 R _ K _ 

  abcdefgh

8 R_ _k_ _
7 _ _ _ _ 
6  _ _ _ _
5 _ _ _ _ 
4  _ _ _ _
3 _ R _ _p
2  _ _ _ _
1 _ _ K _ 

  abcdefgh

Black is in check.
8 R_ _ _ _
7 _ _ _k_ 
6  _ _ _ _
5 _ _ _ _ 
4  _ _ _ _
3 _ R _ _p
2  _ _ _ _
1 _ _ K _ 

  abcdefgh

Invalid move
Invalid move
8 R_ _ _ _
7 _ _ _k_ 
6  _ _ _ _
5 _ _ _ _ 
4  _ _ _ _
3 _ R _ _p
2  _ _ _ _
1 _ _ _K_ 

  abcdefgh

8 R_ _ _ _
7 _ _ _k_ 
6  _ _ _ _
5 _ _ _ _ 
4  _ _ _ _
3 _ R _ _ 
2  _ _ _ p
1 _ _ _K_ 

  abcdefgh

8 R_ _ _ _
7 _ _ _k_ 
6  _ _ _ _
5 _ _ _ _ 
4  _ _ _ _
3 _ R _ _ 
2  _ _ _ p
1 _ _ _ K 

  abcdefgh

Invalid move
Invalid move
Invalid move
8 R_ _ _ _
7 _ _ _k_ 
6  _ _ _ _
5 _ _ _ _ 
4  _ _ _ _
3 _ R _ _ 
2  _ _ _ _
1 _ _ _ Kb

  abcdefgh

White is in check.
Black wins!
Final Score:
White: 0
Black: 1
