8 rnbqkbnr
7 pppppppp
6  _ _ _ _
5 _ _ _ _ 
4  _ _ _ _
3 _ _ _ _ 
2 PPPPPPPP
1 RNBQKBNR

  abcdefgh

8 rnbqkbnr
7 pppppppp
6  _ _ _ _
5 _ _ _ _ 
4  _ _P_ _
3 _ _ _ _ 
2 PPPP PPP
1 RNBQKBNR

  abcdefgh

8 rnbqkbnr
7 pppp_ppp
6  _ _ _ _
5 _ _ p _ 
4  _ _P_ _
3 _ _ _ _ 
2 PPPP PPP
1 RNBQKBNR

  abcdefgh

8 rnbqkbnr
7 pppp_ppp
6  _ _ _ _
5 _ _ p _ 
4  _ _P_ _
3 _ _ _N_ 
2 PPPP PPP
1 RNBQKB_R

  abcdefgh

8 rnbqkb r
7 pppp_ppp
6  _ _ n _
5 _ _ p _ 
4  _ _P_ _
3 _ _ _N_ 
2 PPPP PPP
1 RNBQKB_R

  abcdefgh

8 rnbqkb r
7 pppp_ppp
6  _ _ n _
5 _ _ p _ 
4  _B_P_ _
3 _ _ _N_ 
2 PPPP PPP
1 RNBQK _R

  abcdefgh

8 rnbqk_ r
7 pppp_ppp
6  _ _ n _
5 _ b p _ 
4  _B_P_ _
3 _ _ _N_ 
2 PPPP PPP
1 RNBQK _R

  abcdefgh

8 rnbqk_ r
7 pppp_ppp
6  _ _ n _
5 _ b p _ 
4  _B_P_ _
3 _ _ _N_ 
2 PPPP PPP
1 RNBQK R 

  abcdefgh

8 rnbqkr _
7 pppp_ppp
6  _ _ n _
5 _ b p _ 
4  _B_P_ _
3 _ _ _N_ 
2 PPPP PPP
1 RNBQK R 

  abcdefgh

8 rnbqkr _
7 pppp_ppp
6  _ _ n _
5 _ b p _ 
4  _B_P_ _
3 _ _ _N_ 
2 PPPP PPP
1 RNBQK _R

  abcdefgh

8 rnbqk_ r
7 pppp_ppp
6  _ _ n _
5 _ b p _ 
4  _B_P_ _
3 _ _ _N_ 
2 PPPP PPP
1 RNBQK _R

  abcdefgh

Invalid move
8 rnbqk_ r
7 pppp_ppp
6  _ _ n _
5 _ b p _ 
4  _B_P_ _
3 _ _ _N_ 
2 PPPPKPPP
1 RNBQ_ _R

  abcdefgh

Invalid move
Final Score:
White: 0
Black: 0
