8 rnbqkbnr
7 pppppppp
6  _ _ _ _
5 _ _ _ _ 
4  _ _ _ _
3 _ _ _ _ 
2 PPPPPPPP
1 RNBQKBNR

  abcdefgh

8 rnbqkbnr
7 pppppppp
6  _ _ _ _
5 _ _ _ _ 
4  _ _P_ _
3 _ _ _ _ 
2 PPPP PPP
1 RNBQKBNR

  abcdefgh

8 rnbqkbnr
7 ppp pppp
6  _ _ _ _
5 _ _p_ _ 
4  _ _P_ _
3 _ _ _ _ 
2 PPPP PPP
1 RNBQKBNR

  abcdefgh

8 rnbqkbnr
7 ppp pppp
6  _ _ _ _
5 _ _P_ _ 
4  _ _ _ _
3 _ _ _ _ 
2 PPPP PPP
1 RNBQKBNR

  abcdefgh

White wins!
Final Score:
White: 1
Black: 0
