8  _ _ _ _
7 _ _ _ _ 
6  _ _ _ _
5 _ _ _ _ 
4  _ _ _ _
3 _ _ _ _ 
2  _ _ _ _
1 _ _ K _ 

  abcdefgh

8  _ _k_ _
7 _ _ _ _ 
6  _ _ _ _
5 _ _ _ _ 
4  _ _ _ _
3 _ _ _ _ 
2  _ _ _ _
1 _ _ K _ 

  abcdefgh

8  _ _k_ _
7 _ _ _ _ 
6  _ _ _ _
5 _ _ _ _ 
4  _ _ _ _
3 _ _ _ _ 
2  _ _P_ _
1 _ _ K _ 

  abcdefgh

8  _ _k_ _
7 _ _ p _ 
6  _ _ _ _
5 _ _ _ _ 
4  _ _ _ _
3 _ _ _ _ 
2  _ _P_ _
1 _ _ K _ 

  abcdefgh

8  _ _k_ _
7 _ _ p _ 
6  _ _ _ _
5 _ _ _ _ 
4  _ _ _ _
3 _ _ _ _ 
2  _ _P_ _
1 _ _ K _ 

  abcdefgh

Invalid move
8  _ _k_ _
7 _ _ p _ 
6  _ _ _ _
5 _ _ _ _ 
4  _ _P_ _
3 _ _ _ _ 
2  _ _ _ _
1 _ _ K _ 

  abcdefgh

8  _ _k_ _
7 _ _ _ _ 
6  _ _ _ _
5 _ _ p _ 
4  _ _P_ _
3 _ _ _ _ 
2  _ _ _ _
1 _ _ K _ 

  abcdefgh

Black wins!
Final Score:
White: 0
Black: 1
