8  _ _ _ _
7 _ _ _ _ 
6  _ _ _ _
5 _ _ _ _ 
4  _ _ _ _
3 _ _ _ _ 
2  _ _ _ _
1 _ _ K _ 

  abcdefgh

Invalid Setup: 
  - Each player must have exactly one king
  - There should be no pawns on the first or last row
8  _ _ _ _
7 _ _ _ _ 
6  _ _ _ _
5 _ _ _ _ 
4  _ _ _ _
3 _ _ _ _ 
2  _ _K_ _
1 _ _ K _ 

  abcdefgh

Invalid Setup: 
  - Each player must have exactly one king
  - There should be no pawns on the first or last row
8  _ _k_ _
7 _ _ _ _ 
6  _ _ _ _
5 _ _ _ _ 
4  _ _ _ _
3 _ _ _ _ 
2  _ _K_ _
1 _ _ K _ 

  abcdefgh

Invalid Setup: 
  - Each player must have exactly one king
  - There should be no pawns on the first or last row
8  _ _k_ _
7 _ _ _ _ 
6  _ _ _ _
5 _ _ _ _ 
4  _ _ _ _
3 _ _ _ _ 
2  _ _ _ _
1 _ _ K _ 

  abcdefgh

Final Score:
White: 0
Black: 0
