8  _ _ _ _
7 _ _ _ _ 
6  _ _ _ _
5 _ _ _ _ 
4  _ _ _ _
3 _ _ _ _ 
2  _ _ _ _
1 _ _ K _ 

  abcdefgh

8  _ _k_ _
7 _ _ _ _ 
6  _ _ _ _
5 _ _ _ _ 
4  _ _ _ _
3 _ _ _ _ 
2  _ _ _ _
1 _ _ K _ 

  abcdefgh

8  _ _k_ _
7 _ _ _ _ 
6  _ _ _ _
5 _ _ _ _ 
4  _ _ _ _
3 _ _ _ _ 
2  _ _ _ _
1 P _ K _ 

  abcdefgh

8  _ _k_ _
7 _ _ _ _ 
6  _ _ _ _
5 _ _ _ _ 
4  _ _ _ _
3 _ _ _ _ 
2 P_ _ _ _
1 P _ K _ 

  abcdefgh

8  _ _k_ _
7 _ _ _ _ 
6  _ _ _ _
5 _ _ _ _ 
4  _ _ _ _
3 P _ _ _ 
2 P_ _ _ _
1 P _ K _ 

  abcdefgh

8  _ _k_ _
7 _ _ _ _ 
6  _ _ _ _
5 _P_ _ _ 
4  _ _ _ _
3 P _ _ _ 
2 P_ _ _ _
1 P _ K _ 

  abcdefgh

8  _ _k_ _
7 P _ _ _ 
6  _ _ _ _
5 _P_ _ _ 
4  _ _ _ _
3 P _ _ _ 
2 P_ _ _ _
1 P _ K _ 

  abcdefgh

8 P_ _k_ _
7 P _ _ _ 
6  _ _ _ _
5 _P_ _ _ 
4  _ _ _ _
3 P _ _ _ 
2 P_ _ _ _
1 P _ K _ 

  abcdefgh

Invalid Setup: 
  - Each player must have exactly one king
  - There should be no pawns on the first or last row
8 P_ _k_ _
7 P _ _ _ 
6  _ _ _ _
5 _P_ _ _ 
4  _ _ _ _
3 P _ _ _ 
2 P_ _ _ _
1 _ _ K _ 

  abcdefgh

Invalid Setup: 
  - Each player must have exactly one king
  - There should be no pawns on the first or last row
8  _ _k_ _
7 P _ _ _ 
6  _ _ _ _
5 _P_ _ _ 
4  _ _ _ _
3 P _ _ _ 
2 P_ _ _ _
1 _ _ K _ 

  abcdefgh

Final Score:
White: 0
Black: 0
