8  _ _ _ _
7 _ _ _ _ 
6  _ _ _ _
5 _ _ _ _ 
4  _ _ _ _
3 _ _ _ _ 
2  _ _ _ _
1 _ _ K _ 

  abcdefgh

8  _ _k_ _
7 _ _ _ _ 
6  _ _ _ _
5 _ _ _ _ 
4  _ _ _ _
3 _ _ _ _ 
2  _ _ _ _
1 _ _ K _ 

  abcdefgh

8  _ _k_ _
7 _ _ _ _ 
6  _ _ _ _
5 _ _ _ _ 
4  _ _ _ _
3 _ _ _ _ 
2  _ _ _ _
1 _ _ KB_ 

  abcdefgh

8  _ _k_ _
7 _ _ _ _ 
6  _ _ _ _
5 _ _ _ _ 
4  _ _ _ _
3 _ _ _ _ 
2  _ _ _ _
1 _ _ KB_ 

  abcdefgh

8  _ _k_ _
7 _ _ _ _ 
6  _ _ _ _
5 _B_ _ _ 
4  _ _ _ _
3 _ _ _ _ 
2  _ _ _ _
1 _ _ K _ 

  abcdefgh

Black is in check.
White wins!
Final Score:
White: 1
Black: 0
