8  _ _ _ _
7 _ _ _ _ 
6  _ _ _ _
5 _ _ _ _ 
4  _ _ _ _
3 _ _ _ _ 
2  _ _ _ _
1 _ _ K _ 

  abcdefgh

8  _ _k_ _
7 _ _ _ _ 
6  _ _ _ _
5 _ _ _ _ 
4  _ _ _ _
3 _ _ _ _ 
2  _ _ _ _
1 _ _ K _ 

  abcdefgh

8  _ _k_ _
7 _ _ _ _ 
6  _ _ _ _
5 _ _ _ _ 
4  _ P _ _
3 _ _ _ _ 
2  _ _ _ _
1 _ _ K _ 

  abcdefgh

8  _ _k_ _
7 _ p _ _ 
6  _ _ _ _
5 _ _ _ _ 
4  _ P _ _
3 _ _ _ _ 
2  _ _ _ _
1 _ _ K _ 

  abcdefgh

8  _ _k_ _
7 _ p p _ 
6  _ _ _ _
5 _ _ _ _ 
4  _ P _ _
3 _ _ _ _ 
2  _ _ _ _
1 _ _ K _ 

  abcdefgh

8  _ _k_ _
7 _ p p _ 
6  _ _ _ _
5 _ _ _ _ 
4  _ P _ _
3 _ _ _ _ 
2  _ _ _ _
1 _ _ K _ 

  abcdefgh

8  _ _k_ _
7 _ p p _ 
6  _ _ _ _
5 _ _P_ _ 
4  _ _ _ _
3 _ _ _ _ 
2  _ _ _ _
1 _ _ K _ 

  abcdefgh

8  _ _ _ _
7 _ pkp _ 
6  _ _ _ _
5 _ _P_ _ 
4  _ _ _ _
3 _ _ _ _ 
2  _ _ _ _
1 _ _ K _ 

  abcdefgh

Invalid move
Invalid move
8  _ _ _ _
7 _ pkp _ 
6  _ _ _ _
5 _ _P_ _ 
4  _ _ _ _
3 _ _ _ _ 
2  _ _K_ _
1 _ _ _ _ 

  abcdefgh

8  _ _ _ _
7 _ _kp _ 
6  _p_ _ _
5 _ _P_ _ 
4  _ _ _ _
3 _ _ _ _ 
2  _ _K_ _
1 _ _ _ _ 

  abcdefgh

8  _ _ _ _
7 _ _kp _ 
6  _p_ _ _
5 _ _P_ _ 
4  _ _ _ _
3 _ _ _ _ 
2  _ _ _ _
1 _ _ K _ 

  abcdefgh

8  _ _ _ _
7 _ _kp _ 
6  _ _ _ _
5 _ pP_ _ 
4  _ _ _ _
3 _ _ _ _ 
2  _ _ _ _
1 _ _ K _ 

  abcdefgh

Invalid move
8  _ _ _ _
7 _ _kp _ 
6  _ _ _ _
5 _ pP_ _ 
4  _ _ _ _
3 _ _ _ _ 
2  _ _K_ _
1 _ _ _ _ 

  abcdefgh

8  _ _ _ _
7 _ _k_ _ 
6  _ _ _ _
5 _ pPp _ 
4  _ _ _ _
3 _ _ _ _ 
2  _ _K_ _
1 _ _ _ _ 

  abcdefgh

8  _ _ _ _
7 _ _k_ _ 
6  _ _P_ _
5 _ p _ _ 
4  _ _ _ _
3 _ _ _ _ 
2  _ _K_ _
1 _ _ _ _ 

  abcdefgh

Black is in check.
Final Score:
White: 0
Black: 0
